// Jest Snapshot v1, https://goo.gl/fbAQLP

exports[`App renders correctly 1`] = `
<div
  className="App"
>
  <div
    className="ui header App-header"
  >
    <img
      alt="logo"
      className="App-logo"
      src="logo.svg"
    />
    <h1
      className="App-title"
    >
      Global Launch Schedule
    </h1>
  </div>
  <div
    className="site-content"
  >
    <form
      className="ui form"
      onSubmit={[Function]}
    >
      <div
        className="ui focus input"
      >
        <input
          name="filterValue"
          onChange={[Function]}
          onKeyUp={[Function]}
          placeholder="Filter by name..."
          type="text"
        />
      </div>
    </form>
  </div>
</div>
`;
